---
source: crates/tui-v2/tests/tui_e2e.rs
expression: output
---
"┌ mac-app-init ────────┐┌ Install ─────────────────────────────────────────────┐"
"│ 인입                 ││                                                      │" Hidden by multi-width symbols: [(3, " "), (5, " ")]
"│   📋 도메인 현황     ││  `mac` 바이너리를 찾을 수 없거나 사용 가능한 도메인이│" Hidden by multi-width symbols: [(5, " "), (8, " "), (10, " "), (12, " "), (15, " "), (17, " "), (34, " "), (36, " "), (38, " "), (40, " "), (42, " "), (45, " "), (47, " "), (50, " "), (53, " "), (55, " "), (57, " "), (60, " "), (62, " "), (65, " "), (67, " "), (69, " "), (72, " "), (74, " "), (76, " "), (78, " ")]
"│                      ││                                                      │"
"│                      ││  터미널에서:  mac available                          │" Hidden by multi-width symbols: [(28, " "), (30, " "), (32, " "), (34, " "), (36, " ")]
"│                      ││                                                      │"
"│                      ││                                                      │"
"│                      ││                                                      │"
"│                      ││                                                      │"
"│                      ││                                                      │"
"│                      ││                                                      │"
"│                      ││                                                      │"
"│                      ││                                                      │"
"│                      ││                                                      │"
"│                      │└──────────────────────────────────────────────────────┘"
"│                      │┌ Output — Enter/Space: 설치·삭제 토글 ────────────────┐" Hidden by multi-width symbols: [(49, " "), (51, " "), (54, " "), (56, " "), (59, " "), (61, " ")]
"│                      ││                                                      │"
"│                      ││                                                      │"
"│                      ││                                                      │"
"│                      ││                                                      │"
"│                      ││                                                      │"
"│                      ││                                                      │"
"└──────────────────────┘└──────────────────────────────────────────────────────┘"
"↑↓ 이동 │ Enter/→ 선택 │ r 새로고침 │ Esc 종료                                  " Hidden by multi-width symbols: [(4, " "), (6, " "), (19, " "), (21, " "), (28, " "), (30, " "), (32, " "), (34, " "), (43, " "), (45, " ")]
